UBUNTU APACHE ERROR LOG 
/var/log/apache2/error.log

ASSUMING
apache2 to be installed

- START/STOP/RESTART APACHE
via init.d
$ sudo /etc/init.d/apache2 start
$ sudo /etc/init.d/apache2 stop
$ sudo /etc/init.d/apache2 restart
via apache2ctl

- INSTALL libapache2-mod-wsgi PACKAGE
$ sudo apt-get install libapache2-mod-wsgi

Could not reliably determine the server's fully qualified domain name, using 127.0.1.1. Set the 'ServerName' directive globally to suppress this message
=> ? FIX HOW ?

- CREATE SITE ROOT DIRECTORY
@ /var/www/gpxmapsnet/django_web_server
http://unix.stackexchange.com/questions/47436/why-is-the-root-directory-on-a-web-server-put-by-default-in-var-www

- COPY SERVER SUBTREE TO SITE ROOT 
$ sudo cp -r whatever/py_gps_tools/* /var/www/gpxmapsnet/

- EDIT APACHE2 CONFIGS

@ /etc/apache2/sites-enabled/000-default.conf

'''
<VirtualHost *:80>
	Redirect permanent / https://gpxmaps.net/
</VirtualHost>

<VirtualHost *:443>

	ServerName gpxmaps.net
	ServerAlias www.gpxmaps.net
	DocumentRoot /var/www/gpxmapsnet/django_web_server

	<Directory /var/www/gpxmapsnet/django_web_server>
	    Order allow,deny
	    Allow from all
	</Directory>

	WSGIDaemonProcess gpxmaps_net processes=2 threads=15 display-name=%{GROUP}
	WSGIProcessGroup gpxmaps_net

	WSGIScriptAlias / /var/www/gpxmapsnet/django_web_server/webserver/wsgi.py

	# Alias /robots.txt /path/to/mysite.com/static/robots.txt
	# Alias /favicon.ico /path/to/mysite.com/static/favicon.ico

	Alias /static/ /var/www/gpxmapsnet/django_web_server/static/

	<Directory /var/www/gpxmapsnet/django_web_server/static/>
		Order deny,allow
		Allow from all
	</Directory>


	# Available loglevels: trace8, ..., trace1, debug, info, notice, warn, error, crit, alert, emerg.
	#LogLevel debug

	ErrorLog ${APACHE_LOG_DIR}/error.log
	CustomLog ${APACHE_LOG_DIR}/access.log combined

	SSLEngine on
    SSLOptions +StrictRequire
    SSLCertificateFile /etc/ssl/certs/gpxmaps.net.2048.cert
    SSLCertificateKeyFile /etc/ssl/private/gpxmaps.net.2048.pvt.key
</VirtualHost>
'''

@ /var/www/gpxmapsnet/django_web_server/webserver/wsgi.py

'''
import os
import sys

path = '/var/www/gpxmapsnet/django_web_server'
if path not in sys.path:
    sys.path.insert(0, path)

os.environ.setdefault("DJANGO_SETTINGS_MODULE", "webserver.settings")

import django.core.handlers.wsgi
application = django.core.handlers.wsgi.WSGIHandler()
'''

SSL --------------------------------------------

# activate SSL
$ sudo a2enmod ssl

# generate 2048 bit RSA private-public key pair
$ sudo openssl genrsa -out gpxmaps.net.2048.pem 2048
(if "unable to write 'random state'", then run "$ sudo rm ~/.rnd")

# extract private key
$ sudo openssl rsa -in gpxmaps.net.2048.pem -out gpxmaps.net.2048.pvt.key

# generate certificate signing request
$ sudo openssl req -new > gpxmaps.net.2048.csr

Country Name (2 letter code) [AU]:za
State or Province Name (full name) [Some-State]:gauteng
Locality Name (eg, city) []:vaal marina
Organization Name (eg, company) [Internet Widgits Pty Ltd]:www.gpxmaps.net
Organizational Unit Name (eg, section) []:infosec
Common Name (e.g. server FQDN or YOUR name) []:www.gpxmaps.net
Email Address []:gpxmaps.net@gmail.com
Challenge Password:[leave blank]

# sign certificate
$ sudo openssl x509 -in gpxmaps.net.2048.csr -out gpxmaps.net.2048.cert -req -signkey  gpxmaps.net.2048.pvt.key -days 90

sudo cp gpxmaps.net.2048.cert /etc/ssl/certs/
sudo cp gpxmaps.net.2048.pvt.key /etc/ssl/private/
